2026-01-18 17:39:52 [INFO] STARTED: get_self_pay_patients
2026-01-18 17:39:52 [INFO] STARTED: fetch_self_pay_patients
2026-01-18 17:41:10 [INFO] STARTED: get_self_pay_patients
2026-01-18 17:41:10 [INFO] STARTED: fetch_self_pay_patients
2026-01-18 17:41:31 [ERROR] Fetch Patients failed: (pymysql.err.OperationalError) (2003, "Can't connect to MySQL server on '54.211.59.215'")
(Background on this error at: https://sqlalche.me/e/20/e3q8)
Traceback (most recent call last):
  File "c:\Users\ahame\Downloads\Self-pay-patients\.venv\Lib\site-packages\aiomysql\connection.py", line 527, in _connect
    self._reader, self._writer = await \
                                 ^^^^^^^
    ...<4 lines>...
            timeout=self.connect_timeout)
            ^^^^^^^^^^^^^^^^^^^^^^^^^^^^^
  File "C:\Users\ahame\AppData\Local\Python\pythoncore-3.14-64\Lib\asyncio\tasks.py", line 488, in wait_for
    return await fut
           ^^^^^^^^^
  File "c:\Users\ahame\Downloads\Self-pay-patients\.venv\Lib\site-packages\aiomysql\connection.py", line 87, in _open_connection
    transport, _ = await loop.create_connection(
                   ^^^^^^^^^^^^^^^^^^^^^^^^^^^^^
        lambda: protocol, host, port, **kwds)
        ^^^^^^^^^^^^^^^^^^^^^^^^^^^^^^^^^^^^^
  File "C:\Users\ahame\AppData\Local\Python\pythoncore-3.14-64\Lib\asyncio\base_events.py", line 1168, in create_connection
    raise exceptions[0]
  File "C:\Users\ahame\AppData\Local\Python\pythoncore-3.14-64\Lib\asyncio\base_events.py", line 1143, in create_connection
    sock = await self._connect_sock(
           ^^^^^^^^^^^^^^^^^^^^^^^^^
        exceptions, addrinfo, laddr_infos)
        ^^^^^^^^^^^^^^^^^^^^^^^^^^^^^^^^^^
  File "C:\Users\ahame\AppData\Local\Python\pythoncore-3.14-64\Lib\asyncio\base_events.py", line 1042, in _connect_sock
    await self.sock_connect(sock, address)
  File "C:\Users\ahame\AppData\Local\Python\pythoncore-3.14-64\Lib\asyncio\selector_events.py", line 645, in sock_connect
    return await fut
           ^^^^^^^^^
  File "C:\Users\ahame\AppData\Local\Python\pythoncore-3.14-64\Lib\asyncio\selector_events.py", line 685, in _sock_connect_cb
    raise OSError(err, f'Connect call failed {address}')
TimeoutError: [Errno 10060] Connect call failed ('54.211.59.215', 3306)

The above exception was the direct cause of the following exception:

Traceback (most recent call last):
  File "c:\Users\ahame\Downloads\Self-pay-patients\.venv\Lib\site-packages\sqlalchemy\engine\base.py", line 143, in __init__
    self._dbapi_connection = engine.raw_connection()
                             ~~~~~~~~~~~~~~~~~~~~~^^
  File "c:\Users\ahame\Downloads\Self-pay-patients\.venv\Lib\site-packages\sqlalchemy\engine\base.py", line 3309, in raw_connection
    return self.pool.connect()
           ~~~~~~~~~~~~~~~~~^^
  File "c:\Users\ahame\Downloads\Self-pay-patients\.venv\Lib\site-packages\sqlalchemy\pool\base.py", line 447, in connect
    return _ConnectionFairy._checkout(self)
           ~~~~~~~~~~~~~~~~~~~~~~~~~~^^^^^^
  File "c:\Users\ahame\Downloads\Self-pay-patients\.venv\Lib\site-packages\sqlalchemy\pool\base.py", line 1264, in _checkout
    fairy = _ConnectionRecord.checkout(pool)
  File "c:\Users\ahame\Downloads\Self-pay-patients\.venv\Lib\site-packages\sqlalchemy\pool\base.py", line 711, in checkout
    rec = pool._do_get()
  File "c:\Users\ahame\Downloads\Self-pay-patients\.venv\Lib\site-packages\sqlalchemy\pool\impl.py", line 177, in _do_get
    with util.safe_reraise():
         ~~~~~~~~~~~~~~~~~^^
  File "c:\Users\ahame\Downloads\Self-pay-patients\.venv\Lib\site-packages\sqlalchemy\util\langhelpers.py", line 224, in __exit__
    raise exc_value.with_traceback(exc_tb)
  File "c:\Users\ahame\Downloads\Self-pay-patients\.venv\Lib\site-packages\sqlalchemy\pool\impl.py", line 175, in _do_get
    return self._create_connection()
           ~~~~~~~~~~~~~~~~~~~~~~~^^
  File "c:\Users\ahame\Downloads\Self-pay-patients\.venv\Lib\site-packages\sqlalchemy\pool\base.py", line 388, in _create_connection
    return _ConnectionRecord(self)
  File "c:\Users\ahame\Downloads\Self-pay-patients\.venv\Lib\site-packages\sqlalchemy\pool\base.py", line 673, in __init__
    self.__connect()
    ~~~~~~~~~~~~~~^^
  File "c:\Users\ahame\Downloads\Self-pay-patients\.venv\Lib\site-packages\sqlalchemy\pool\base.py", line 899, in __connect
    with util.safe_reraise():
         ~~~~~~~~~~~~~~~~~^^
  File "c:\Users\ahame\Downloads\Self-pay-patients\.venv\Lib\site-packages\sqlalchemy\util\langhelpers.py", line 224, in __exit__
    raise exc_value.with_traceback(exc_tb)
  File "c:\Users\ahame\Downloads\Self-pay-patients\.venv\Lib\site-packages\sqlalchemy\pool\base.py", line 895, in __connect
    self.dbapi_connection = connection = pool._invoke_creator(self)
                                         ~~~~~~~~~~~~~~~~~~~~^^^^^^
  File "c:\Users\ahame\Downloads\Self-pay-patients\.venv\Lib\site-packages\sqlalchemy\engine\create.py", line 661, in connect
    return dialect.connect(*cargs, **cparams)
           ~~~~~~~~~~~~~~~^^^^^^^^^^^^^^^^^^^
  File "c:\Users\ahame\Downloads\Self-pay-patients\.venv\Lib\site-packages\sqlalchemy\engine\default.py", line 630, in connect
    return self.loaded_dbapi.connect(*cargs, **cparams)  # type: ignore[no-any-return]  # NOQA: E501
           ~~~~~~~~~~~~~~~~~~~~~~~~~^^^^^^^^^^^^^^^^^^^
  File "c:\Users\ahame\Downloads\Self-pay-patients\.venv\Lib\site-packages\sqlalchemy\dialects\mysql\aiomysql.py", line 170, in connect
    await_only(creator_fn(*arg, **kw)),
    ~~~~~~~~~~^^^^^^^^^^^^^^^^^^^^^^^^
  File "c:\Users\ahame\Downloads\Self-pay-patients\.venv\Lib\site-packages\sqlalchemy\util\_concurrency_py3k.py", line 132, in await_only
    return current.parent.switch(awaitable)  # type: ignore[no-any-return,attr-defined] # noqa: E501
           ~~~~~~~~~~~~~~~~~~~~~^^^^^^^^^^^
  File "c:\Users\ahame\Downloads\Self-pay-patients\.venv\Lib\site-packages\sqlalchemy\util\_concurrency_py3k.py", line 196, in greenlet_spawn
    value = await result
            ^^^^^^^^^^^^
  File "c:\Users\ahame\Downloads\Self-pay-patients\.venv\Lib\site-packages\aiomysql\connection.py", line 74, in _connect
    await conn._connect()
  File "c:\Users\ahame\Downloads\Self-pay-patients\.venv\Lib\site-packages\aiomysql\connection.py", line 563, in _connect
    raise OperationalError(
    ...<2 lines>...
    ) from e
pymysql.err.OperationalError: (2003, "Can't connect to MySQL server on '54.211.59.215'")

The above exception was the direct cause of the following exception:

Traceback (most recent call last):
  File "C:\Users\ahame\Downloads\Self-pay-patients\app\repositories\report_repository.py", line 78, in fetch_self_pay_patients
    res_count = await db.execute(text(count_sql), query_params)
                ^^^^^^^^^^^^^^^^^^^^^^^^^^^^^^^^^^^^^^^^^^^^^^^
  File "c:\Users\ahame\Downloads\Self-pay-patients\.venv\Lib\site-packages\sqlalchemy\ext\asyncio\session.py", line 449, in execute
    result = await greenlet_spawn(
             ^^^^^^^^^^^^^^^^^^^^^
    ...<6 lines>...
    )
    ^
  File "c:\Users\ahame\Downloads\Self-pay-patients\.venv\Lib\site-packages\sqlalchemy\util\_concurrency_py3k.py", line 201, in greenlet_spawn
    result = context.throw(*sys.exc_info())
  File "c:\Users\ahame\Downloads\Self-pay-patients\.venv\Lib\site-packages\sqlalchemy\orm\session.py", line 2351, in execute
    return self._execute_internal(
           ~~~~~~~~~~~~~~~~~~~~~~^
        statement,
        ^^^^^^^^^^
    ...<4 lines>...
        _add_event=_add_event,
        ^^^^^^^^^^^^^^^^^^^^^^
    )
    ^
  File "c:\Users\ahame\Downloads\Self-pay-patients\.venv\Lib\site-packages\sqlalchemy\orm\session.py", line 2239, in _execute_internal
    conn = self._connection_for_bind(bind)
  File "c:\Users\ahame\Downloads\Self-pay-patients\.venv\Lib\site-packages\sqlalchemy\orm\session.py", line 2108, in _connection_for_bind
    return trans._connection_for_bind(engine, execution_options)
           ~~~~~~~~~~~~~~~~~~~~~~~~~~^^^^^^^^^^^^^^^^^^^^^^^^^^^
  File "<string>", line 2, in _connection_for_bind
  File "c:\Users\ahame\Downloads\Self-pay-patients\.venv\Lib\site-packages\sqlalchemy\orm\state_changes.py", line 137, in _go
    ret_value = fn(self, *arg, **kw)
  File "c:\Users\ahame\Downloads\Self-pay-patients\.venv\Lib\site-packages\sqlalchemy\orm\session.py", line 1187, in _connection_for_bind
    conn = bind.connect()
  File "c:\Users\ahame\Downloads\Self-pay-patients\.venv\Lib\site-packages\sqlalchemy\engine\base.py", line 3285, in connect
    return self._connection_cls(self)
           ~~~~~~~~~~~~~~~~~~~~^^^^^^
  File "c:\Users\ahame\Downloads\Self-pay-patients\.venv\Lib\site-packages\sqlalchemy\engine\base.py", line 145, in __init__
    Connection._handle_dbapi_exception_noconnection(
    ~~~~~~~~~~~~~~~~~~~~~~~~~~~~~~~~~~~~~~~~~~~~~~~^
        err, dialect, engine
        ^^^^^^^^^^^^^^^^^^^^
    )
    ^
  File "c:\Users\ahame\Downloads\Self-pay-patients\.venv\Lib\site-packages\sqlalchemy\engine\base.py", line 2448, in _handle_dbapi_exception_noconnection
    raise sqlalchemy_exception.with_traceback(exc_info[2]) from e
  File "c:\Users\ahame\Downloads\Self-pay-patients\.venv\Lib\site-packages\sqlalchemy\engine\base.py", line 143, in __init__
    self._dbapi_connection = engine.raw_connection()
                             ~~~~~~~~~~~~~~~~~~~~~^^
  File "c:\Users\ahame\Downloads\Self-pay-patients\.venv\Lib\site-packages\sqlalchemy\engine\base.py", line 3309, in raw_connection
    return self.pool.connect()
           ~~~~~~~~~~~~~~~~~^^
  File "c:\Users\ahame\Downloads\Self-pay-patients\.venv\Lib\site-packages\sqlalchemy\pool\base.py", line 447, in connect
    return _ConnectionFairy._checkout(self)
           ~~~~~~~~~~~~~~~~~~~~~~~~~~^^^^^^
  File "c:\Users\ahame\Downloads\Self-pay-patients\.venv\Lib\site-packages\sqlalchemy\pool\base.py", line 1264, in _checkout
    fairy = _ConnectionRecord.checkout(pool)
  File "c:\Users\ahame\Downloads\Self-pay-patients\.venv\Lib\site-packages\sqlalchemy\pool\base.py", line 711, in checkout
    rec = pool._do_get()
  File "c:\Users\ahame\Downloads\Self-pay-patients\.venv\Lib\site-packages\sqlalchemy\pool\impl.py", line 177, in _do_get
    with util.safe_reraise():
         ~~~~~~~~~~~~~~~~~^^
  File "c:\Users\ahame\Downloads\Self-pay-patients\.venv\Lib\site-packages\sqlalchemy\util\langhelpers.py", line 224, in __exit__
    raise exc_value.with_traceback(exc_tb)
  File "c:\Users\ahame\Downloads\Self-pay-patients\.venv\Lib\site-packages\sqlalchemy\pool\impl.py", line 175, in _do_get
    return self._create_connection()
           ~~~~~~~~~~~~~~~~~~~~~~~^^
  File "c:\Users\ahame\Downloads\Self-pay-patients\.venv\Lib\site-packages\sqlalchemy\pool\base.py", line 388, in _create_connection
    return _ConnectionRecord(self)
  File "c:\Users\ahame\Downloads\Self-pay-patients\.venv\Lib\site-packages\sqlalchemy\pool\base.py", line 673, in __init__
    self.__connect()
    ~~~~~~~~~~~~~~^^
  File "c:\Users\ahame\Downloads\Self-pay-patients\.venv\Lib\site-packages\sqlalchemy\pool\base.py", line 899, in __connect
    with util.safe_reraise():
         ~~~~~~~~~~~~~~~~~^^
  File "c:\Users\ahame\Downloads\Self-pay-patients\.venv\Lib\site-packages\sqlalchemy\util\langhelpers.py", line 224, in __exit__
    raise exc_value.with_traceback(exc_tb)
  File "c:\Users\ahame\Downloads\Self-pay-patients\.venv\Lib\site-packages\sqlalchemy\pool\base.py", line 895, in __connect
    self.dbapi_connection = connection = pool._invoke_creator(self)
                                         ~~~~~~~~~~~~~~~~~~~~^^^^^^
  File "c:\Users\ahame\Downloads\Self-pay-patients\.venv\Lib\site-packages\sqlalchemy\engine\create.py", line 661, in connect
    return dialect.connect(*cargs, **cparams)
           ~~~~~~~~~~~~~~~^^^^^^^^^^^^^^^^^^^
  File "c:\Users\ahame\Downloads\Self-pay-patients\.venv\Lib\site-packages\sqlalchemy\engine\default.py", line 630, in connect
    return self.loaded_dbapi.connect(*cargs, **cparams)  # type: ignore[no-any-return]  # NOQA: E501
           ~~~~~~~~~~~~~~~~~~~~~~~~~^^^^^^^^^^^^^^^^^^^
  File "c:\Users\ahame\Downloads\Self-pay-patients\.venv\Lib\site-packages\sqlalchemy\dialects\mysql\aiomysql.py", line 170, in connect
    await_only(creator_fn(*arg, **kw)),
    ~~~~~~~~~~^^^^^^^^^^^^^^^^^^^^^^^^
  File "c:\Users\ahame\Downloads\Self-pay-patients\.venv\Lib\site-packages\sqlalchemy\util\_concurrency_py3k.py", line 132, in await_only
    return current.parent.switch(awaitable)  # type: ignore[no-any-return,attr-defined] # noqa: E501
           ~~~~~~~~~~~~~~~~~~~~~^^^^^^^^^^^
  File "c:\Users\ahame\Downloads\Self-pay-patients\.venv\Lib\site-packages\sqlalchemy\util\_concurrency_py3k.py", line 196, in greenlet_spawn
    value = await result
            ^^^^^^^^^^^^
  File "c:\Users\ahame\Downloads\Self-pay-patients\.venv\Lib\site-packages\aiomysql\connection.py", line 74, in _connect
    await conn._connect()
  File "c:\Users\ahame\Downloads\Self-pay-patients\.venv\Lib\site-packages\aiomysql\connection.py", line 563, in _connect
    raise OperationalError(
    ...<2 lines>...
    ) from e
sqlalchemy.exc.OperationalError: (pymysql.err.OperationalError) (2003, "Can't connect to MySQL server on '54.211.59.215'")
(Background on this error at: https://sqlalche.me/e/20/e3q8)
2026-01-18 17:41:31 [ERROR] EXCEPTION in fetch_self_pay_patients: (pymysql.err.OperationalError) (2003, "Can't connect to MySQL server on '54.211.59.215'")
(Background on this error at: https://sqlalche.me/e/20/e3q8)
Traceback (most recent call last):
  File "c:\Users\ahame\Downloads\Self-pay-patients\.venv\Lib\site-packages\aiomysql\connection.py", line 527, in _connect
    self._reader, self._writer = await \
                                 ^^^^^^^
    ...<4 lines>...
            timeout=self.connect_timeout)
            ^^^^^^^^^^^^^^^^^^^^^^^^^^^^^
  File "C:\Users\ahame\AppData\Local\Python\pythoncore-3.14-64\Lib\asyncio\tasks.py", line 488, in wait_for
    return await fut
           ^^^^^^^^^
  File "c:\Users\ahame\Downloads\Self-pay-patients\.venv\Lib\site-packages\aiomysql\connection.py", line 87, in _open_connection
    transport, _ = await loop.create_connection(
                   ^^^^^^^^^^^^^^^^^^^^^^^^^^^^^
        lambda: protocol, host, port, **kwds)
        ^^^^^^^^^^^^^^^^^^^^^^^^^^^^^^^^^^^^^
  File "C:\Users\ahame\AppData\Local\Python\pythoncore-3.14-64\Lib\asyncio\base_events.py", line 1168, in create_connection
    raise exceptions[0]
  File "C:\Users\ahame\AppData\Local\Python\pythoncore-3.14-64\Lib\asyncio\base_events.py", line 1143, in create_connection
    sock = await self._connect_sock(
           ^^^^^^^^^^^^^^^^^^^^^^^^^
        exceptions, addrinfo, laddr_infos)
        ^^^^^^^^^^^^^^^^^^^^^^^^^^^^^^^^^^
  File "C:\Users\ahame\AppData\Local\Python\pythoncore-3.14-64\Lib\asyncio\base_events.py", line 1042, in _connect_sock
    await self.sock_connect(sock, address)
  File "C:\Users\ahame\AppData\Local\Python\pythoncore-3.14-64\Lib\asyncio\selector_events.py", line 645, in sock_connect
    return await fut
           ^^^^^^^^^
  File "C:\Users\ahame\AppData\Local\Python\pythoncore-3.14-64\Lib\asyncio\selector_events.py", line 685, in _sock_connect_cb
    raise OSError(err, f'Connect call failed {address}')
TimeoutError: [Errno 10060] Connect call failed ('54.211.59.215', 3306)

The above exception was the direct cause of the following exception:

Traceback (most recent call last):
  File "c:\Users\ahame\Downloads\Self-pay-patients\.venv\Lib\site-packages\sqlalchemy\engine\base.py", line 143, in __init__
    self._dbapi_connection = engine.raw_connection()
                             ~~~~~~~~~~~~~~~~~~~~~^^
  File "c:\Users\ahame\Downloads\Self-pay-patients\.venv\Lib\site-packages\sqlalchemy\engine\base.py", line 3309, in raw_connection
    return self.pool.connect()
           ~~~~~~~~~~~~~~~~~^^
  File "c:\Users\ahame\Downloads\Self-pay-patients\.venv\Lib\site-packages\sqlalchemy\pool\base.py", line 447, in connect
    return _ConnectionFairy._checkout(self)
           ~~~~~~~~~~~~~~~~~~~~~~~~~~^^^^^^
  File "c:\Users\ahame\Downloads\Self-pay-patients\.venv\Lib\site-packages\sqlalchemy\pool\base.py", line 1264, in _checkout
    fairy = _ConnectionRecord.checkout(pool)
  File "c:\Users\ahame\Downloads\Self-pay-patients\.venv\Lib\site-packages\sqlalchemy\pool\base.py", line 711, in checkout
    rec = pool._do_get()
  File "c:\Users\ahame\Downloads\Self-pay-patients\.venv\Lib\site-packages\sqlalchemy\pool\impl.py", line 177, in _do_get
    with util.safe_reraise():
         ~~~~~~~~~~~~~~~~~^^
  File "c:\Users\ahame\Downloads\Self-pay-patients\.venv\Lib\site-packages\sqlalchemy\util\langhelpers.py", line 224, in __exit__
    raise exc_value.with_traceback(exc_tb)
  File "c:\Users\ahame\Downloads\Self-pay-patients\.venv\Lib\site-packages\sqlalchemy\pool\impl.py", line 175, in _do_get
    return self._create_connection()
           ~~~~~~~~~~~~~~~~~~~~~~~^^
  File "c:\Users\ahame\Downloads\Self-pay-patients\.venv\Lib\site-packages\sqlalchemy\pool\base.py", line 388, in _create_connection
    return _ConnectionRecord(self)
  File "c:\Users\ahame\Downloads\Self-pay-patients\.venv\Lib\site-packages\sqlalchemy\pool\base.py", line 673, in __init__
    self.__connect()
    ~~~~~~~~~~~~~~^^
  File "c:\Users\ahame\Downloads\Self-pay-patients\.venv\Lib\site-packages\sqlalchemy\pool\base.py", line 899, in __connect
    with util.safe_reraise():
         ~~~~~~~~~~~~~~~~~^^
  File "c:\Users\ahame\Downloads\Self-pay-patients\.venv\Lib\site-packages\sqlalchemy\util\langhelpers.py", line 224, in __exit__
    raise exc_value.with_traceback(exc_tb)
  File "c:\Users\ahame\Downloads\Self-pay-patients\.venv\Lib\site-packages\sqlalchemy\pool\base.py", line 895, in __connect
    self.dbapi_connection = connection = pool._invoke_creator(self)
                                         ~~~~~~~~~~~~~~~~~~~~^^^^^^
  File "c:\Users\ahame\Downloads\Self-pay-patients\.venv\Lib\site-packages\sqlalchemy\engine\create.py", line 661, in connect
    return dialect.connect(*cargs, **cparams)
           ~~~~~~~~~~~~~~~^^^^^^^^^^^^^^^^^^^
  File "c:\Users\ahame\Downloads\Self-pay-patients\.venv\Lib\site-packages\sqlalchemy\engine\default.py", line 630, in connect
    return self.loaded_dbapi.connect(*cargs, **cparams)  # type: ignore[no-any-return]  # NOQA: E501
           ~~~~~~~~~~~~~~~~~~~~~~~~~^^^^^^^^^^^^^^^^^^^
  File "c:\Users\ahame\Downloads\Self-pay-patients\.venv\Lib\site-packages\sqlalchemy\dialects\mysql\aiomysql.py", line 170, in connect
    await_only(creator_fn(*arg, **kw)),
    ~~~~~~~~~~^^^^^^^^^^^^^^^^^^^^^^^^
  File "c:\Users\ahame\Downloads\Self-pay-patients\.venv\Lib\site-packages\sqlalchemy\util\_concurrency_py3k.py", line 132, in await_only
    return current.parent.switch(awaitable)  # type: ignore[no-any-return,attr-defined] # noqa: E501
           ~~~~~~~~~~~~~~~~~~~~~^^^^^^^^^^^
  File "c:\Users\ahame\Downloads\Self-pay-patients\.venv\Lib\site-packages\sqlalchemy\util\_concurrency_py3k.py", line 196, in greenlet_spawn
    value = await result
            ^^^^^^^^^^^^
  File "c:\Users\ahame\Downloads\Self-pay-patients\.venv\Lib\site-packages\aiomysql\connection.py", line 74, in _connect
    await conn._connect()
  File "c:\Users\ahame\Downloads\Self-pay-patients\.venv\Lib\site-packages\aiomysql\connection.py", line 563, in _connect
    raise OperationalError(
    ...<2 lines>...
    ) from e
pymysql.err.OperationalError: (2003, "Can't connect to MySQL server on '54.211.59.215'")

The above exception was the direct cause of the following exception:

Traceback (most recent call last):
  File "C:\Users\ahame\Downloads\Self-pay-patients\app\repositories\report_repository.py", line 78, in fetch_self_pay_patients
    res_count = await db.execute(text(count_sql), query_params)
                ^^^^^^^^^^^^^^^^^^^^^^^^^^^^^^^^^^^^^^^^^^^^^^^
  File "c:\Users\ahame\Downloads\Self-pay-patients\.venv\Lib\site-packages\sqlalchemy\ext\asyncio\session.py", line 449, in execute
    result = await greenlet_spawn(
             ^^^^^^^^^^^^^^^^^^^^^
    ...<6 lines>...
    )
    ^
  File "c:\Users\ahame\Downloads\Self-pay-patients\.venv\Lib\site-packages\sqlalchemy\util\_concurrency_py3k.py", line 201, in greenlet_spawn
    result = context.throw(*sys.exc_info())
  File "c:\Users\ahame\Downloads\Self-pay-patients\.venv\Lib\site-packages\sqlalchemy\orm\session.py", line 2351, in execute
    return self._execute_internal(
           ~~~~~~~~~~~~~~~~~~~~~~^
        statement,
        ^^^^^^^^^^
    ...<4 lines>...
        _add_event=_add_event,
        ^^^^^^^^^^^^^^^^^^^^^^
    )
    ^
  File "c:\Users\ahame\Downloads\Self-pay-patients\.venv\Lib\site-packages\sqlalchemy\orm\session.py", line 2239, in _execute_internal
    conn = self._connection_for_bind(bind)
  File "c:\Users\ahame\Downloads\Self-pay-patients\.venv\Lib\site-packages\sqlalchemy\orm\session.py", line 2108, in _connection_for_bind
    return trans._connection_for_bind(engine, execution_options)
           ~~~~~~~~~~~~~~~~~~~~~~~~~~^^^^^^^^^^^^^^^^^^^^^^^^^^^
  File "<string>", line 2, in _connection_for_bind
  File "c:\Users\ahame\Downloads\Self-pay-patients\.venv\Lib\site-packages\sqlalchemy\orm\state_changes.py", line 137, in _go
    ret_value = fn(self, *arg, **kw)
  File "c:\Users\ahame\Downloads\Self-pay-patients\.venv\Lib\site-packages\sqlalchemy\orm\session.py", line 1187, in _connection_for_bind
    conn = bind.connect()
  File "c:\Users\ahame\Downloads\Self-pay-patients\.venv\Lib\site-packages\sqlalchemy\engine\base.py", line 3285, in connect
    return self._connection_cls(self)
           ~~~~~~~~~~~~~~~~~~~~^^^^^^
  File "c:\Users\ahame\Downloads\Self-pay-patients\.venv\Lib\site-packages\sqlalchemy\engine\base.py", line 145, in __init__
    Connection._handle_dbapi_exception_noconnection(
    ~~~~~~~~~~~~~~~~~~~~~~~~~~~~~~~~~~~~~~~~~~~~~~~^
        err, dialect, engine
        ^^^^^^^^^^^^^^^^^^^^
    )
    ^
  File "c:\Users\ahame\Downloads\Self-pay-patients\.venv\Lib\site-packages\sqlalchemy\engine\base.py", line 2448, in _handle_dbapi_exception_noconnection
    raise sqlalchemy_exception.with_traceback(exc_info[2]) from e
  File "c:\Users\ahame\Downloads\Self-pay-patients\.venv\Lib\site-packages\sqlalchemy\engine\base.py", line 143, in __init__
    self._dbapi_connection = engine.raw_connection()
                             ~~~~~~~~~~~~~~~~~~~~~^^
  File "c:\Users\ahame\Downloads\Self-pay-patients\.venv\Lib\site-packages\sqlalchemy\engine\base.py", line 3309, in raw_connection
    return self.pool.connect()
           ~~~~~~~~~~~~~~~~~^^
  File "c:\Users\ahame\Downloads\Self-pay-patients\.venv\Lib\site-packages\sqlalchemy\pool\base.py", line 447, in connect
    return _ConnectionFairy._checkout(self)
           ~~~~~~~~~~~~~~~~~~~~~~~~~~^^^^^^
  File "c:\Users\ahame\Downloads\Self-pay-patients\.venv\Lib\site-packages\sqlalchemy\pool\base.py", line 1264, in _checkout
    fairy = _ConnectionRecord.checkout(pool)
  File "c:\Users\ahame\Downloads\Self-pay-patients\.venv\Lib\site-packages\sqlalchemy\pool\base.py", line 711, in checkout
    rec = pool._do_get()
  File "c:\Users\ahame\Downloads\Self-pay-patients\.venv\Lib\site-packages\sqlalchemy\pool\impl.py", line 177, in _do_get
    with util.safe_reraise():
         ~~~~~~~~~~~~~~~~~^^
  File "c:\Users\ahame\Downloads\Self-pay-patients\.venv\Lib\site-packages\sqlalchemy\util\langhelpers.py", line 224, in __exit__
    raise exc_value.with_traceback(exc_tb)
  File "c:\Users\ahame\Downloads\Self-pay-patients\.venv\Lib\site-packages\sqlalchemy\pool\impl.py", line 175, in _do_get
    return self._create_connection()
           ~~~~~~~~~~~~~~~~~~~~~~~^^
  File "c:\Users\ahame\Downloads\Self-pay-patients\.venv\Lib\site-packages\sqlalchemy\pool\base.py", line 388, in _create_connection
    return _ConnectionRecord(self)
  File "c:\Users\ahame\Downloads\Self-pay-patients\.venv\Lib\site-packages\sqlalchemy\pool\base.py", line 673, in __init__
    self.__connect()
    ~~~~~~~~~~~~~~^^
  File "c:\Users\ahame\Downloads\Self-pay-patients\.venv\Lib\site-packages\sqlalchemy\pool\base.py", line 899, in __connect
    with util.safe_reraise():
         ~~~~~~~~~~~~~~~~~^^
  File "c:\Users\ahame\Downloads\Self-pay-patients\.venv\Lib\site-packages\sqlalchemy\util\langhelpers.py", line 224, in __exit__
    raise exc_value.with_traceback(exc_tb)
  File "c:\Users\ahame\Downloads\Self-pay-patients\.venv\Lib\site-packages\sqlalchemy\pool\base.py", line 895, in __connect
    self.dbapi_connection = connection = pool._invoke_creator(self)
                                         ~~~~~~~~~~~~~~~~~~~~^^^^^^
  File "c:\Users\ahame\Downloads\Self-pay-patients\.venv\Lib\site-packages\sqlalchemy\engine\create.py", line 661, in connect
    return dialect.connect(*cargs, **cparams)
           ~~~~~~~~~~~~~~~^^^^^^^^^^^^^^^^^^^
  File "c:\Users\ahame\Downloads\Self-pay-patients\.venv\Lib\site-packages\sqlalchemy\engine\default.py", line 630, in connect
    return self.loaded_dbapi.connect(*cargs, **cparams)  # type: ignore[no-any-return]  # NOQA: E501
           ~~~~~~~~~~~~~~~~~~~~~~~~~^^^^^^^^^^^^^^^^^^^
  File "c:\Users\ahame\Downloads\Self-pay-patients\.venv\Lib\site-packages\sqlalchemy\dialects\mysql\aiomysql.py", line 170, in connect
    await_only(creator_fn(*arg, **kw)),
    ~~~~~~~~~~^^^^^^^^^^^^^^^^^^^^^^^^
  File "c:\Users\ahame\Downloads\Self-pay-patients\.venv\Lib\site-packages\sqlalchemy\util\_concurrency_py3k.py", line 132, in await_only
    return current.parent.switch(awaitable)  # type: ignore[no-any-return,attr-defined] # noqa: E501
           ~~~~~~~~~~~~~~~~~~~~~^^^^^^^^^^^
  File "c:\Users\ahame\Downloads\Self-pay-patients\.venv\Lib\site-packages\sqlalchemy\util\_concurrency_py3k.py", line 196, in greenlet_spawn
    value = await result
            ^^^^^^^^^^^^
  File "c:\Users\ahame\Downloads\Self-pay-patients\.venv\Lib\site-packages\aiomysql\connection.py", line 74, in _connect
    await conn._connect()
  File "c:\Users\ahame\Downloads\Self-pay-patients\.venv\Lib\site-packages\aiomysql\connection.py", line 563, in _connect
    raise OperationalError(
    ...<2 lines>...
    ) from e
sqlalchemy.exc.OperationalError: (pymysql.err.OperationalError) (2003, "Can't connect to MySQL server on '54.211.59.215'")
(Background on this error at: https://sqlalche.me/e/20/e3q8)

During handling of the above exception, another exception occurred:

Traceback (most recent call last):
  File "C:\Users\ahame\Downloads\Self-pay-patients\app\logger\api_logger.py", line 30, in wrapper
    result = await func(*args, **kwargs)
             ^^^^^^^^^^^^^^^^^^^^^^^^^^^
  File "C:\Users\ahame\Downloads\Self-pay-patients\app\repositories\report_repository.py", line 91, in fetch_self_pay_patients
    raise DatabaseException(str(e))
app.core.exception.DatabaseException: (pymysql.err.OperationalError) (2003, "Can't connect to MySQL server on '54.211.59.215'")
(Background on this error at: https://sqlalche.me/e/20/e3q8)
2026-01-18 17:41:31 [INFO] FINISHED: fetch_self_pay_patients in 21.04s
2026-01-18 17:41:31 [ERROR] EXCEPTION in get_self_pay_patients: Report Service Error: (pymysql.err.OperationalError) (2003, "Can't connect to MySQL server on '54.211.59.215'")
(Background on this error at: https://sqlalche.me/e/20/e3q8)
Traceback (most recent call last):
  File "c:\Users\ahame\Downloads\Self-pay-patients\.venv\Lib\site-packages\aiomysql\connection.py", line 527, in _connect
    self._reader, self._writer = await \
                                 ^^^^^^^
    ...<4 lines>...
            timeout=self.connect_timeout)
            ^^^^^^^^^^^^^^^^^^^^^^^^^^^^^
  File "C:\Users\ahame\AppData\Local\Python\pythoncore-3.14-64\Lib\asyncio\tasks.py", line 488, in wait_for
    return await fut
           ^^^^^^^^^
  File "c:\Users\ahame\Downloads\Self-pay-patients\.venv\Lib\site-packages\aiomysql\connection.py", line 87, in _open_connection
    transport, _ = await loop.create_connection(
                   ^^^^^^^^^^^^^^^^^^^^^^^^^^^^^
        lambda: protocol, host, port, **kwds)
        ^^^^^^^^^^^^^^^^^^^^^^^^^^^^^^^^^^^^^
  File "C:\Users\ahame\AppData\Local\Python\pythoncore-3.14-64\Lib\asyncio\base_events.py", line 1168, in create_connection
    raise exceptions[0]
  File "C:\Users\ahame\AppData\Local\Python\pythoncore-3.14-64\Lib\asyncio\base_events.py", line 1143, in create_connection
    sock = await self._connect_sock(
           ^^^^^^^^^^^^^^^^^^^^^^^^^
        exceptions, addrinfo, laddr_infos)
        ^^^^^^^^^^^^^^^^^^^^^^^^^^^^^^^^^^
  File "C:\Users\ahame\AppData\Local\Python\pythoncore-3.14-64\Lib\asyncio\base_events.py", line 1042, in _connect_sock
    await self.sock_connect(sock, address)
  File "C:\Users\ahame\AppData\Local\Python\pythoncore-3.14-64\Lib\asyncio\selector_events.py", line 645, in sock_connect
    return await fut
           ^^^^^^^^^
  File "C:\Users\ahame\AppData\Local\Python\pythoncore-3.14-64\Lib\asyncio\selector_events.py", line 685, in _sock_connect_cb
    raise OSError(err, f'Connect call failed {address}')
TimeoutError: [Errno 10060] Connect call failed ('54.211.59.215', 3306)

The above exception was the direct cause of the following exception:

Traceback (most recent call last):
  File "c:\Users\ahame\Downloads\Self-pay-patients\.venv\Lib\site-packages\sqlalchemy\engine\base.py", line 143, in __init__
    self._dbapi_connection = engine.raw_connection()
                             ~~~~~~~~~~~~~~~~~~~~~^^
  File "c:\Users\ahame\Downloads\Self-pay-patients\.venv\Lib\site-packages\sqlalchemy\engine\base.py", line 3309, in raw_connection
    return self.pool.connect()
           ~~~~~~~~~~~~~~~~~^^
  File "c:\Users\ahame\Downloads\Self-pay-patients\.venv\Lib\site-packages\sqlalchemy\pool\base.py", line 447, in connect
    return _ConnectionFairy._checkout(self)
           ~~~~~~~~~~~~~~~~~~~~~~~~~~^^^^^^
  File "c:\Users\ahame\Downloads\Self-pay-patients\.venv\Lib\site-packages\sqlalchemy\pool\base.py", line 1264, in _checkout
    fairy = _ConnectionRecord.checkout(pool)
  File "c:\Users\ahame\Downloads\Self-pay-patients\.venv\Lib\site-packages\sqlalchemy\pool\base.py", line 711, in checkout
    rec = pool._do_get()
  File "c:\Users\ahame\Downloads\Self-pay-patients\.venv\Lib\site-packages\sqlalchemy\pool\impl.py", line 177, in _do_get
    with util.safe_reraise():
         ~~~~~~~~~~~~~~~~~^^
  File "c:\Users\ahame\Downloads\Self-pay-patients\.venv\Lib\site-packages\sqlalchemy\util\langhelpers.py", line 224, in __exit__
    raise exc_value.with_traceback(exc_tb)
  File "c:\Users\ahame\Downloads\Self-pay-patients\.venv\Lib\site-packages\sqlalchemy\pool\impl.py", line 175, in _do_get
    return self._create_connection()
           ~~~~~~~~~~~~~~~~~~~~~~~^^
  File "c:\Users\ahame\Downloads\Self-pay-patients\.venv\Lib\site-packages\sqlalchemy\pool\base.py", line 388, in _create_connection
    return _ConnectionRecord(self)
  File "c:\Users\ahame\Downloads\Self-pay-patients\.venv\Lib\site-packages\sqlalchemy\pool\base.py", line 673, in __init__
    self.__connect()
    ~~~~~~~~~~~~~~^^
  File "c:\Users\ahame\Downloads\Self-pay-patients\.venv\Lib\site-packages\sqlalchemy\pool\base.py", line 899, in __connect
    with util.safe_reraise():
         ~~~~~~~~~~~~~~~~~^^
  File "c:\Users\ahame\Downloads\Self-pay-patients\.venv\Lib\site-packages\sqlalchemy\util\langhelpers.py", line 224, in __exit__
    raise exc_value.with_traceback(exc_tb)
  File "c:\Users\ahame\Downloads\Self-pay-patients\.venv\Lib\site-packages\sqlalchemy\pool\base.py", line 895, in __connect
    self.dbapi_connection = connection = pool._invoke_creator(self)
                                         ~~~~~~~~~~~~~~~~~~~~^^^^^^
  File "c:\Users\ahame\Downloads\Self-pay-patients\.venv\Lib\site-packages\sqlalchemy\engine\create.py", line 661, in connect
    return dialect.connect(*cargs, **cparams)
           ~~~~~~~~~~~~~~~^^^^^^^^^^^^^^^^^^^
  File "c:\Users\ahame\Downloads\Self-pay-patients\.venv\Lib\site-packages\sqlalchemy\engine\default.py", line 630, in connect
    return self.loaded_dbapi.connect(*cargs, **cparams)  # type: ignore[no-any-return]  # NOQA: E501
           ~~~~~~~~~~~~~~~~~~~~~~~~~^^^^^^^^^^^^^^^^^^^
  File "c:\Users\ahame\Downloads\Self-pay-patients\.venv\Lib\site-packages\sqlalchemy\dialects\mysql\aiomysql.py", line 170, in connect
    await_only(creator_fn(*arg, **kw)),
    ~~~~~~~~~~^^^^^^^^^^^^^^^^^^^^^^^^
  File "c:\Users\ahame\Downloads\Self-pay-patients\.venv\Lib\site-packages\sqlalchemy\util\_concurrency_py3k.py", line 132, in await_only
    return current.parent.switch(awaitable)  # type: ignore[no-any-return,attr-defined] # noqa: E501
           ~~~~~~~~~~~~~~~~~~~~~^^^^^^^^^^^
  File "c:\Users\ahame\Downloads\Self-pay-patients\.venv\Lib\site-packages\sqlalchemy\util\_concurrency_py3k.py", line 196, in greenlet_spawn
    value = await result
            ^^^^^^^^^^^^
  File "c:\Users\ahame\Downloads\Self-pay-patients\.venv\Lib\site-packages\aiomysql\connection.py", line 74, in _connect
    await conn._connect()
  File "c:\Users\ahame\Downloads\Self-pay-patients\.venv\Lib\site-packages\aiomysql\connection.py", line 563, in _connect
    raise OperationalError(
    ...<2 lines>...
    ) from e
pymysql.err.OperationalError: (2003, "Can't connect to MySQL server on '54.211.59.215'")

The above exception was the direct cause of the following exception:

Traceback (most recent call last):
  File "C:\Users\ahame\Downloads\Self-pay-patients\app\repositories\report_repository.py", line 78, in fetch_self_pay_patients
    res_count = await db.execute(text(count_sql), query_params)
                ^^^^^^^^^^^^^^^^^^^^^^^^^^^^^^^^^^^^^^^^^^^^^^^
  File "c:\Users\ahame\Downloads\Self-pay-patients\.venv\Lib\site-packages\sqlalchemy\ext\asyncio\session.py", line 449, in execute
    result = await greenlet_spawn(
             ^^^^^^^^^^^^^^^^^^^^^
    ...<6 lines>...
    )
    ^
  File "c:\Users\ahame\Downloads\Self-pay-patients\.venv\Lib\site-packages\sqlalchemy\util\_concurrency_py3k.py", line 201, in greenlet_spawn
    result = context.throw(*sys.exc_info())
  File "c:\Users\ahame\Downloads\Self-pay-patients\.venv\Lib\site-packages\sqlalchemy\orm\session.py", line 2351, in execute
    return self._execute_internal(
           ~~~~~~~~~~~~~~~~~~~~~~^
        statement,
        ^^^^^^^^^^
    ...<4 lines>...
        _add_event=_add_event,
        ^^^^^^^^^^^^^^^^^^^^^^
    )
    ^
  File "c:\Users\ahame\Downloads\Self-pay-patients\.venv\Lib\site-packages\sqlalchemy\orm\session.py", line 2239, in _execute_internal
    conn = self._connection_for_bind(bind)
  File "c:\Users\ahame\Downloads\Self-pay-patients\.venv\Lib\site-packages\sqlalchemy\orm\session.py", line 2108, in _connection_for_bind
    return trans._connection_for_bind(engine, execution_options)
           ~~~~~~~~~~~~~~~~~~~~~~~~~~^^^^^^^^^^^^^^^^^^^^^^^^^^^
  File "<string>", line 2, in _connection_for_bind
  File "c:\Users\ahame\Downloads\Self-pay-patients\.venv\Lib\site-packages\sqlalchemy\orm\state_changes.py", line 137, in _go
    ret_value = fn(self, *arg, **kw)
  File "c:\Users\ahame\Downloads\Self-pay-patients\.venv\Lib\site-packages\sqlalchemy\orm\session.py", line 1187, in _connection_for_bind
    conn = bind.connect()
  File "c:\Users\ahame\Downloads\Self-pay-patients\.venv\Lib\site-packages\sqlalchemy\engine\base.py", line 3285, in connect
    return self._connection_cls(self)
           ~~~~~~~~~~~~~~~~~~~~^^^^^^
  File "c:\Users\ahame\Downloads\Self-pay-patients\.venv\Lib\site-packages\sqlalchemy\engine\base.py", line 145, in __init__
    Connection._handle_dbapi_exception_noconnection(
    ~~~~~~~~~~~~~~~~~~~~~~~~~~~~~~~~~~~~~~~~~~~~~~~^
        err, dialect, engine
        ^^^^^^^^^^^^^^^^^^^^
    )
    ^
  File "c:\Users\ahame\Downloads\Self-pay-patients\.venv\Lib\site-packages\sqlalchemy\engine\base.py", line 2448, in _handle_dbapi_exception_noconnection
    raise sqlalchemy_exception.with_traceback(exc_info[2]) from e
  File "c:\Users\ahame\Downloads\Self-pay-patients\.venv\Lib\site-packages\sqlalchemy\engine\base.py", line 143, in __init__
    self._dbapi_connection = engine.raw_connection()
                             ~~~~~~~~~~~~~~~~~~~~~^^
  File "c:\Users\ahame\Downloads\Self-pay-patients\.venv\Lib\site-packages\sqlalchemy\engine\base.py", line 3309, in raw_connection
    return self.pool.connect()
           ~~~~~~~~~~~~~~~~~^^
  File "c:\Users\ahame\Downloads\Self-pay-patients\.venv\Lib\site-packages\sqlalchemy\pool\base.py", line 447, in connect
    return _ConnectionFairy._checkout(self)
           ~~~~~~~~~~~~~~~~~~~~~~~~~~^^^^^^
  File "c:\Users\ahame\Downloads\Self-pay-patients\.venv\Lib\site-packages\sqlalchemy\pool\base.py", line 1264, in _checkout
    fairy = _ConnectionRecord.checkout(pool)
  File "c:\Users\ahame\Downloads\Self-pay-patients\.venv\Lib\site-packages\sqlalchemy\pool\base.py", line 711, in checkout
    rec = pool._do_get()
  File "c:\Users\ahame\Downloads\Self-pay-patients\.venv\Lib\site-packages\sqlalchemy\pool\impl.py", line 177, in _do_get
    with util.safe_reraise():
         ~~~~~~~~~~~~~~~~~^^
  File "c:\Users\ahame\Downloads\Self-pay-patients\.venv\Lib\site-packages\sqlalchemy\util\langhelpers.py", line 224, in __exit__
    raise exc_value.with_traceback(exc_tb)
  File "c:\Users\ahame\Downloads\Self-pay-patients\.venv\Lib\site-packages\sqlalchemy\pool\impl.py", line 175, in _do_get
    return self._create_connection()
           ~~~~~~~~~~~~~~~~~~~~~~~^^
  File "c:\Users\ahame\Downloads\Self-pay-patients\.venv\Lib\site-packages\sqlalchemy\pool\base.py", line 388, in _create_connection
    return _ConnectionRecord(self)
  File "c:\Users\ahame\Downloads\Self-pay-patients\.venv\Lib\site-packages\sqlalchemy\pool\base.py", line 673, in __init__
    self.__connect()
    ~~~~~~~~~~~~~~^^
  File "c:\Users\ahame\Downloads\Self-pay-patients\.venv\Lib\site-packages\sqlalchemy\pool\base.py", line 899, in __connect
    with util.safe_reraise():
         ~~~~~~~~~~~~~~~~~^^
  File "c:\Users\ahame\Downloads\Self-pay-patients\.venv\Lib\site-packages\sqlalchemy\util\langhelpers.py", line 224, in __exit__
    raise exc_value.with_traceback(exc_tb)
  File "c:\Users\ahame\Downloads\Self-pay-patients\.venv\Lib\site-packages\sqlalchemy\pool\base.py", line 895, in __connect
    self.dbapi_connection = connection = pool._invoke_creator(self)
                                         ~~~~~~~~~~~~~~~~~~~~^^^^^^
  File "c:\Users\ahame\Downloads\Self-pay-patients\.venv\Lib\site-packages\sqlalchemy\engine\create.py", line 661, in connect
    return dialect.connect(*cargs, **cparams)
           ~~~~~~~~~~~~~~~^^^^^^^^^^^^^^^^^^^
  File "c:\Users\ahame\Downloads\Self-pay-patients\.venv\Lib\site-packages\sqlalchemy\engine\default.py", line 630, in connect
    return self.loaded_dbapi.connect(*cargs, **cparams)  # type: ignore[no-any-return]  # NOQA: E501
           ~~~~~~~~~~~~~~~~~~~~~~~~~^^^^^^^^^^^^^^^^^^^
  File "c:\Users\ahame\Downloads\Self-pay-patients\.venv\Lib\site-packages\sqlalchemy\dialects\mysql\aiomysql.py", line 170, in connect
    await_only(creator_fn(*arg, **kw)),
    ~~~~~~~~~~^^^^^^^^^^^^^^^^^^^^^^^^
  File "c:\Users\ahame\Downloads\Self-pay-patients\.venv\Lib\site-packages\sqlalchemy\util\_concurrency_py3k.py", line 132, in await_only
    return current.parent.switch(awaitable)  # type: ignore[no-any-return,attr-defined] # noqa: E501
           ~~~~~~~~~~~~~~~~~~~~~^^^^^^^^^^^
  File "c:\Users\ahame\Downloads\Self-pay-patients\.venv\Lib\site-packages\sqlalchemy\util\_concurrency_py3k.py", line 196, in greenlet_spawn
    value = await result
            ^^^^^^^^^^^^
  File "c:\Users\ahame\Downloads\Self-pay-patients\.venv\Lib\site-packages\aiomysql\connection.py", line 74, in _connect
    await conn._connect()
  File "c:\Users\ahame\Downloads\Self-pay-patients\.venv\Lib\site-packages\aiomysql\connection.py", line 563, in _connect
    raise OperationalError(
    ...<2 lines>...
    ) from e
sqlalchemy.exc.OperationalError: (pymysql.err.OperationalError) (2003, "Can't connect to MySQL server on '54.211.59.215'")
(Background on this error at: https://sqlalche.me/e/20/e3q8)

During handling of the above exception, another exception occurred:

Traceback (most recent call last):
  File "C:\Users\ahame\Downloads\Self-pay-patients\app\services\report_service.py", line 20, in get_self_pay_report
    return await fetch_self_pay_patients(
           ^^^^^^^^^^^^^^^^^^^^^^^^^^^^^^
    ...<7 lines>...
    )
    ^
  File "C:\Users\ahame\Downloads\Self-pay-patients\app\logger\api_logger.py", line 30, in wrapper
    result = await func(*args, **kwargs)
             ^^^^^^^^^^^^^^^^^^^^^^^^^^^
  File "C:\Users\ahame\Downloads\Self-pay-patients\app\repositories\report_repository.py", line 91, in fetch_self_pay_patients
    raise DatabaseException(str(e))
app.core.exception.DatabaseException: (pymysql.err.OperationalError) (2003, "Can't connect to MySQL server on '54.211.59.215'")
(Background on this error at: https://sqlalche.me/e/20/e3q8)

During handling of the above exception, another exception occurred:

Traceback (most recent call last):
  File "C:\Users\ahame\Downloads\Self-pay-patients\app\logger\api_logger.py", line 30, in wrapper
    result = await func(*args, **kwargs)
             ^^^^^^^^^^^^^^^^^^^^^^^^^^^
  File "C:\Users\ahame\Downloads\Self-pay-patients\app\routes\report_routes.py", line 24, in get_self_pay_patients
    return await self_pay_controller(
           ^^^^^^^^^^^^^^^^^^^^^^^^^^
    ...<3 lines>...
    )
    ^
  File "C:\Users\ahame\Downloads\Self-pay-patients\app\routes\report_controller.py", line 6, in self_pay_controller
    rows, total = await get_self_pay_report(db, user, filters)
                  ^^^^^^^^^^^^^^^^^^^^^^^^^^^^^^^^^^^^^^^^^^^^
  File "C:\Users\ahame\Downloads\Self-pay-patients\app\services\report_service.py", line 32, in get_self_pay_report
    raise DatabaseException(f"Report Service Error: {str(e)}")
app.core.exception.DatabaseException: Report Service Error: (pymysql.err.OperationalError) (2003, "Can't connect to MySQL server on '54.211.59.215'")
(Background on this error at: https://sqlalche.me/e/20/e3q8)
2026-01-18 17:41:31 [INFO] FINISHED: get_self_pay_patients in 21.06s
